[INFO] Scanning for projects...
[INFO] 
[INFO] ------------------< com.iotmonitoring:alarm-service >-------------------
[INFO] Building AlarmService 0.0.1-SNAPSHOT
[INFO]   from pom.xml
[INFO] --------------------------------[ jar ]---------------------------------
[INFO] 
[INFO] >>> spring-boot:4.1.1:run (default-cli) > test-compile @ alarm-service >>>
[INFO] 
[INFO] --- jaxb2:3.2.0:xjc (xjc) @ alarm-service ---
[INFO] Ignored given or default xjbSources [C:\IoT-monitoring\AlarmService\src\main\xjb], since it is not an existent file or directory.
[INFO] No changes detected in schema or binding files - skipping JAXB generation.
[INFO] 
[INFO] --- resources:3.5.0:resources (default-resources) @ alarm-service ---
[INFO] Copying 1 resource from src\main\resources to target\classes
[INFO] Copying 2 resources from src\main\resources to target\classes
[INFO] 
[INFO] --- compiler:3.15.0:compile (default-compile) @ alarm-service ---
[INFO] Nothing to compile - all classes are up to date.
[INFO] 
[INFO] --- resources:3.5.0:testResources (default-testResources) @ alarm-service ---
[INFO] Copying 1 resource from src\test\resources to target\test-classes
[INFO] 
[INFO] --- compiler:3.15.0:testCompile (default-testCompile) @ alarm-service ---
[INFO] Nothing to compile - all classes are up to date.
[INFO] 
[INFO] <<< spring-boot:4.1.1:run (default-cli) < test-compile @ alarm-service <<<
[INFO] 
[INFO] 
[INFO] --- spring-boot:4.1.1:run (default-cli) @ alarm-service ---
[INFO] Attaching agents: []

  .   ____          _            __ _ _
 /\\ / ___'_ __ _ _(_)_ __  __ _ \ \ \ \
( ( )\___ | '_ | '_| | '_ \/ _` | \ \ \ \
 \\/  ___)| |_)| | | | | || (_| |  ) ) ) )
  '  |____| .__|_| |_|_| |_\__, | / / / /
 =========|_|==============|___/=/_/_/_/

 :: Spring Boot ::                (v4.1.1)

2026-09-22T13:16:29.957+02:00  INFO 28080 --- [alarm-service] [           main] c.i.a.AlarmServiceApplication            : Starting AlarmServiceApplication using Java 25 with PID 28080 (C:\IoT-monitoring\AlarmService\target\classes started by battu in C:\IoT-monitoring\AlarmService)
2026-09-22T13:16:29.964+02:00  INFO 28080 --- [alarm-service] [           main] c.i.a.AlarmServiceApplication            : No active profile set, falling back to 1 default profile: "default"
2026-09-22T13:16:30.893+02:00  INFO 28080 --- [alarm-service] [           main] .s.d.r.c.RepositoryConfigurationDelegate : Bootstrapping Spring Data JPA repositories in DEFAULT mode.
2026-09-22T13:16:30.989+02:00  INFO 28080 --- [alarm-service] [           main] .s.d.r.c.RepositoryConfigurationDelegate : Finished Spring Data repository scanning in 80 ms. Found 1 JPA repository interface.
2026-09-22T13:16:31.554+02:00  WARN 28080 --- [alarm-service] [           main] ConfigServletWebServerApplicationContext : Exception encountered during context initialization - cancelling refresh attempt: org.springframework.context.ApplicationContextException: Unable to start web server
2026-09-22T13:16:31.568+02:00  INFO 28080 --- [alarm-service] [           main] .s.b.a.l.ConditionEvaluationReportLogger : 

Error starting ApplicationContext. To display the condition evaluation report re-run your application with 'debug' enabled.
2026-09-22T13:16:31.587+02:00 ERROR 28080 --- [alarm-service] [           main] o.s.b.d.LoggingFailureAnalysisReporter   : 

***************************
APPLICATION FAILED TO START
***************************

Description:

Failed to bind properties under 'server.port' to java.lang.Integer:

    Property: server.port
    Value: "8083,--spring.datasource.url=jdbc:h2:mem:alarmverify;DB_CLOSE_DELAY=-1,--spring.datasource.username=sa,--spring.datasource.password=,--spring.datasource.driver-class-name=org.h2.Driver,--spring.jpa.hibernate.ddl-auto=create-drop"
    Origin: "server.port" from property source "commandLineArgs"
    Reason: failed to convert java.lang.String to java.lang.Integer (caused by java.lang.NumberFormatException: For input string: "8083,--spring.datasource.url=jdbc:h2:mem:alarmverify;DB_CLOSE_DELAY=-1,--spring.datasource.username=sa,--spring.datasource.password=,--spring.datasource.driver-class-name=org.h2.Driver,--spring.jpa.hibernate.ddl-auto=create-drop")

Action:

Update your application's configuration

[INFO] ------------------------------------------------------------------------
[INFO] BUILD FAILURE
[INFO] ------------------------------------------------------------------------
[INFO] Total time:  6.278 s
[INFO] Finished at: 2026-09-22T13:16:31+02:00
[INFO] ------------------------------------------------------------------------
[ERROR] Failed to execute goal org.springframework.boot:spring-boot-maven-plugin:4.1.1:run (default-cli) on project alarm-service: Process terminated with exit code: 1 -> [Help 1]
[ERROR] 
[ERROR] To see the full stack trace of the errors, re-run Maven with the -e switch.
[ERROR] Re-run Maven using the -X switch to enable full debug logging.
[ERROR] 
[ERROR] For more information about the errors and possible solutions, please read the following articles:
[ERROR] [Help 1] http://cwiki.apache.org/confluence/display/MAVEN/MojoExecutionException
